// Vitest Snapshot v1, https://vitest.dev/guide/snapshot.html

exports[`ChatBox - rendering > renders DeepChat with history and placeholder props, PreWrittenQuestions, matches snapshot and checks values 1`] = `
<div>
  <div
    class="chat-header"
  >
    <div
      class="chat-dot"
    />
    <div
      class="chat-header-title"
    >
      chatbot.virtualAvatar - translated
       — 
      John Doe
    </div>
    <div
      class="chat-header-sub"
      id="chat-status"
    >
      chatbot.status.online - translated
    </div>
  </div>
  <div
    class="chat-box-container"
  >
    <div
      class="log-notice"
    >
      <div
        data-testid="fa-triangle-exclamation"
      >
        FaTriangleExclamation
      </div>
       
      chatbot.messageLogWarning - translated
    </div>
    <div
      data-testid="deep-chat"
    >
      <div
        data-testid="history-values"
      >
        [{"role":"ai","text":"Hello!"}]
      </div>
      <div
        data-testid="placeholder-value"
      >
        chatbot.placeholder - translated
      </div>
    </div>
  </div>
  <div
    data-testid="prewritten-questions"
  >
    PreWrittenQuestions
  </div>
</div>
`;
