// Vitest Snapshot v1, https://vitest.dev/guide/snapshot.html

exports[`PreWrittenQuestions > affiche la question '{ cta: '⚠️ Tes faiblesses', q: 'Quelles sont tes faiblesses / tes points faibles ?' }' 1`] = `
<DocumentFragment>
  <div
    class="cta-row"
  >
    <span
      class="cta-chip"
    >
      🧑 Présentation
    </span>
    <span
      class="cta-chip"
    >
      💼 Raison de recherche d'emploi
    </span>
    <span
      class="cta-chip"
    >
      ⭐ Tes qualités
    </span>
    <span
      class="cta-chip"
    >
      ⚠️ Tes faiblesses
    </span>
    <span
      class="cta-chip"
    >
      👯‍♀️ Travail en équipe
    </span>
    <span
      class="cta-chip"
    >
      🔮 Vision du futur
    </span>
    <span
      class="cta-chip"
    >
      🧠 Expérience
    </span>
    <span
      class="cta-chip"
    >
      💰 Salaire
    </span>
    <span
      class="cta-chip"
    >
      🎯Hobbies
    </span>
    <span
      class="cta-chip"
    >
      👨‍👩‍👧 Situation familiale
    </span>
  </div>
</DocumentFragment>
`;

exports[`PreWrittenQuestions > affiche la question '{ cta: '⭐ Tes qualités', q: 'Quelles sont tes qualités / tes points forts ?' }' 1`] = `
<DocumentFragment>
  <div
    class="cta-row"
  >
    <span
      class="cta-chip"
    >
      🧑 Présentation
    </span>
    <span
      class="cta-chip"
    >
      💼 Raison de recherche d'emploi
    </span>
    <span
      class="cta-chip"
    >
      ⭐ Tes qualités
    </span>
    <span
      class="cta-chip"
    >
      ⚠️ Tes faiblesses
    </span>
    <span
      class="cta-chip"
    >
      👯‍♀️ Travail en équipe
    </span>
    <span
      class="cta-chip"
    >
      🔮 Vision du futur
    </span>
    <span
      class="cta-chip"
    >
      🧠 Expérience
    </span>
    <span
      class="cta-chip"
    >
      💰 Salaire
    </span>
    <span
      class="cta-chip"
    >
      🎯Hobbies
    </span>
    <span
      class="cta-chip"
    >
      👨‍👩‍👧 Situation familiale
    </span>
  </div>
</DocumentFragment>
`;

exports[`PreWrittenQuestions > affiche la question '{ cta: '🎯Hobbies', q: 'Quels sont tes hobbies ?' }' 1`] = `
<DocumentFragment>
  <div
    class="cta-row"
  >
    <span
      class="cta-chip"
    >
      🧑 Présentation
    </span>
    <span
      class="cta-chip"
    >
      💼 Raison de recherche d'emploi
    </span>
    <span
      class="cta-chip"
    >
      ⭐ Tes qualités
    </span>
    <span
      class="cta-chip"
    >
      ⚠️ Tes faiblesses
    </span>
    <span
      class="cta-chip"
    >
      👯‍♀️ Travail en équipe
    </span>
    <span
      class="cta-chip"
    >
      🔮 Vision du futur
    </span>
    <span
      class="cta-chip"
    >
      🧠 Expérience
    </span>
    <span
      class="cta-chip"
    >
      💰 Salaire
    </span>
    <span
      class="cta-chip"
    >
      🎯Hobbies
    </span>
    <span
      class="cta-chip"
    >
      👨‍👩‍👧 Situation familiale
    </span>
  </div>
</DocumentFragment>
`;

exports[`PreWrittenQuestions > affiche la question '{ cta: '👨\\u200d👩\\u200d👧 Situation familiale', q: 'Quelle est ta situation familiale ?' }' 1`] = `
<DocumentFragment>
  <div
    class="cta-row"
  >
    <span
      class="cta-chip"
    >
      🧑 Présentation
    </span>
    <span
      class="cta-chip"
    >
      💼 Raison de recherche d'emploi
    </span>
    <span
      class="cta-chip"
    >
      ⭐ Tes qualités
    </span>
    <span
      class="cta-chip"
    >
      ⚠️ Tes faiblesses
    </span>
    <span
      class="cta-chip"
    >
      👯‍♀️ Travail en équipe
    </span>
    <span
      class="cta-chip"
    >
      🔮 Vision du futur
    </span>
    <span
      class="cta-chip"
    >
      🧠 Expérience
    </span>
    <span
      class="cta-chip"
    >
      💰 Salaire
    </span>
    <span
      class="cta-chip"
    >
      🎯Hobbies
    </span>
    <span
      class="cta-chip"
    >
      👨‍👩‍👧 Situation familiale
    </span>
  </div>
</DocumentFragment>
`;

exports[`PreWrittenQuestions > affiche la question '{ cta: '👯\\u200d♀️ Travail en équipe', q: 'Comment travaillez-vous avec les autres ?' }' 1`] = `
<DocumentFragment>
  <div
    class="cta-row"
  >
    <span
      class="cta-chip"
    >
      🧑 Présentation
    </span>
    <span
      class="cta-chip"
    >
      💼 Raison de recherche d'emploi
    </span>
    <span
      class="cta-chip"
    >
      ⭐ Tes qualités
    </span>
    <span
      class="cta-chip"
    >
      ⚠️ Tes faiblesses
    </span>
    <span
      class="cta-chip"
    >
      👯‍♀️ Travail en équipe
    </span>
    <span
      class="cta-chip"
    >
      🔮 Vision du futur
    </span>
    <span
      class="cta-chip"
    >
      🧠 Expérience
    </span>
    <span
      class="cta-chip"
    >
      💰 Salaire
    </span>
    <span
      class="cta-chip"
    >
      🎯Hobbies
    </span>
    <span
      class="cta-chip"
    >
      👨‍👩‍👧 Situation familiale
    </span>
  </div>
</DocumentFragment>
`;

exports[`PreWrittenQuestions > affiche la question '{ cta: '💰 Salaire', q: 'Quelles sont tes prétentions salariales ?' }' 1`] = `
<DocumentFragment>
  <div
    class="cta-row"
  >
    <span
      class="cta-chip"
    >
      🧑 Présentation
    </span>
    <span
      class="cta-chip"
    >
      💼 Raison de recherche d'emploi
    </span>
    <span
      class="cta-chip"
    >
      ⭐ Tes qualités
    </span>
    <span
      class="cta-chip"
    >
      ⚠️ Tes faiblesses
    </span>
    <span
      class="cta-chip"
    >
      👯‍♀️ Travail en équipe
    </span>
    <span
      class="cta-chip"
    >
      🔮 Vision du futur
    </span>
    <span
      class="cta-chip"
    >
      🧠 Expérience
    </span>
    <span
      class="cta-chip"
    >
      💰 Salaire
    </span>
    <span
      class="cta-chip"
    >
      🎯Hobbies
    </span>
    <span
      class="cta-chip"
    >
      👨‍👩‍👧 Situation familiale
    </span>
  </div>
</DocumentFragment>
`;

exports[`PreWrittenQuestions > affiche la question '{ cta: '💼 Raison de recherche d\\'emploi', q: 'Pourquoi tu cherches un nouveau poste ?' }' 1`] = `
<DocumentFragment>
  <div
    class="cta-row"
  >
    <span
      class="cta-chip"
    >
      🧑 Présentation
    </span>
    <span
      class="cta-chip"
    >
      💼 Raison de recherche d'emploi
    </span>
    <span
      class="cta-chip"
    >
      ⭐ Tes qualités
    </span>
    <span
      class="cta-chip"
    >
      ⚠️ Tes faiblesses
    </span>
    <span
      class="cta-chip"
    >
      👯‍♀️ Travail en équipe
    </span>
    <span
      class="cta-chip"
    >
      🔮 Vision du futur
    </span>
    <span
      class="cta-chip"
    >
      🧠 Expérience
    </span>
    <span
      class="cta-chip"
    >
      💰 Salaire
    </span>
    <span
      class="cta-chip"
    >
      🎯Hobbies
    </span>
    <span
      class="cta-chip"
    >
      👨‍👩‍👧 Situation familiale
    </span>
  </div>
</DocumentFragment>
`;

exports[`PreWrittenQuestions > affiche la question '{ cta: '🔮 Vision du futur', q: 'Où te vois-tu dans quelques années ?' }' 1`] = `
<DocumentFragment>
  <div
    class="cta-row"
  >
    <span
      class="cta-chip"
    >
      🧑 Présentation
    </span>
    <span
      class="cta-chip"
    >
      💼 Raison de recherche d'emploi
    </span>
    <span
      class="cta-chip"
    >
      ⭐ Tes qualités
    </span>
    <span
      class="cta-chip"
    >
      ⚠️ Tes faiblesses
    </span>
    <span
      class="cta-chip"
    >
      👯‍♀️ Travail en équipe
    </span>
    <span
      class="cta-chip"
    >
      🔮 Vision du futur
    </span>
    <span
      class="cta-chip"
    >
      🧠 Expérience
    </span>
    <span
      class="cta-chip"
    >
      💰 Salaire
    </span>
    <span
      class="cta-chip"
    >
      🎯Hobbies
    </span>
    <span
      class="cta-chip"
    >
      👨‍👩‍👧 Situation familiale
    </span>
  </div>
</DocumentFragment>
`;

exports[`PreWrittenQuestions > affiche la question '{ cta: '🧑 Présentation', q: 'Peux-tu te présenter un petit peu ?' }' 1`] = `
<DocumentFragment>
  <div
    class="cta-row"
  >
    <span
      class="cta-chip"
    >
      🧑 Présentation
    </span>
    <span
      class="cta-chip"
    >
      💼 Raison de recherche d'emploi
    </span>
    <span
      class="cta-chip"
    >
      ⭐ Tes qualités
    </span>
    <span
      class="cta-chip"
    >
      ⚠️ Tes faiblesses
    </span>
    <span
      class="cta-chip"
    >
      👯‍♀️ Travail en équipe
    </span>
    <span
      class="cta-chip"
    >
      🔮 Vision du futur
    </span>
    <span
      class="cta-chip"
    >
      🧠 Expérience
    </span>
    <span
      class="cta-chip"
    >
      💰 Salaire
    </span>
    <span
      class="cta-chip"
    >
      🎯Hobbies
    </span>
    <span
      class="cta-chip"
    >
      👨‍👩‍👧 Situation familiale
    </span>
  </div>
</DocumentFragment>
`;

exports[`PreWrittenQuestions > affiche la question '{ cta: '🧠 Expérience', q: 'Parle-nous d\\'une expérience professionnelle pertinente.' }' 1`] = `
<DocumentFragment>
  <div
    class="cta-row"
  >
    <span
      class="cta-chip"
    >
      🧑 Présentation
    </span>
    <span
      class="cta-chip"
    >
      💼 Raison de recherche d'emploi
    </span>
    <span
      class="cta-chip"
    >
      ⭐ Tes qualités
    </span>
    <span
      class="cta-chip"
    >
      ⚠️ Tes faiblesses
    </span>
    <span
      class="cta-chip"
    >
      👯‍♀️ Travail en équipe
    </span>
    <span
      class="cta-chip"
    >
      🔮 Vision du futur
    </span>
    <span
      class="cta-chip"
    >
      🧠 Expérience
    </span>
    <span
      class="cta-chip"
    >
      💰 Salaire
    </span>
    <span
      class="cta-chip"
    >
      🎯Hobbies
    </span>
    <span
      class="cta-chip"
    >
      👨‍👩‍👧 Situation familiale
    </span>
  </div>
</DocumentFragment>
`;

exports[`PreWrittenQuestions > déclenche onClickPresetQuestion pour '{ cta: '⚠️ Tes faiblesses', q: 'Quelles sont tes faiblesses / tes points faibles ?' }' 1`] = `
<DocumentFragment>
  <div
    class="cta-row"
  >
    <span
      class="cta-chip"
    >
      🧑 Présentation
    </span>
    <span
      class="cta-chip"
    >
      💼 Raison de recherche d'emploi
    </span>
    <span
      class="cta-chip"
    >
      ⭐ Tes qualités
    </span>
    <span
      class="cta-chip"
    >
      ⚠️ Tes faiblesses
    </span>
    <span
      class="cta-chip"
    >
      👯‍♀️ Travail en équipe
    </span>
    <span
      class="cta-chip"
    >
      🔮 Vision du futur
    </span>
    <span
      class="cta-chip"
    >
      🧠 Expérience
    </span>
    <span
      class="cta-chip"
    >
      💰 Salaire
    </span>
    <span
      class="cta-chip"
    >
      🎯Hobbies
    </span>
    <span
      class="cta-chip"
    >
      👨‍👩‍👧 Situation familiale
    </span>
  </div>
</DocumentFragment>
`;

exports[`PreWrittenQuestions > déclenche onClickPresetQuestion pour '{ cta: '⭐ Tes qualités', q: 'Quelles sont tes qualités / tes points forts ?' }' 1`] = `
<DocumentFragment>
  <div
    class="cta-row"
  >
    <span
      class="cta-chip"
    >
      🧑 Présentation
    </span>
    <span
      class="cta-chip"
    >
      💼 Raison de recherche d'emploi
    </span>
    <span
      class="cta-chip"
    >
      ⭐ Tes qualités
    </span>
    <span
      class="cta-chip"
    >
      ⚠️ Tes faiblesses
    </span>
    <span
      class="cta-chip"
    >
      👯‍♀️ Travail en équipe
    </span>
    <span
      class="cta-chip"
    >
      🔮 Vision du futur
    </span>
    <span
      class="cta-chip"
    >
      🧠 Expérience
    </span>
    <span
      class="cta-chip"
    >
      💰 Salaire
    </span>
    <span
      class="cta-chip"
    >
      🎯Hobbies
    </span>
    <span
      class="cta-chip"
    >
      👨‍👩‍👧 Situation familiale
    </span>
  </div>
</DocumentFragment>
`;

exports[`PreWrittenQuestions > déclenche onClickPresetQuestion pour '{ cta: '🎯Hobbies', q: 'Quels sont tes hobbies ?' }' 1`] = `
<DocumentFragment>
  <div
    class="cta-row"
  >
    <span
      class="cta-chip"
    >
      🧑 Présentation
    </span>
    <span
      class="cta-chip"
    >
      💼 Raison de recherche d'emploi
    </span>
    <span
      class="cta-chip"
    >
      ⭐ Tes qualités
    </span>
    <span
      class="cta-chip"
    >
      ⚠️ Tes faiblesses
    </span>
    <span
      class="cta-chip"
    >
      👯‍♀️ Travail en équipe
    </span>
    <span
      class="cta-chip"
    >
      🔮 Vision du futur
    </span>
    <span
      class="cta-chip"
    >
      🧠 Expérience
    </span>
    <span
      class="cta-chip"
    >
      💰 Salaire
    </span>
    <span
      class="cta-chip"
    >
      🎯Hobbies
    </span>
    <span
      class="cta-chip"
    >
      👨‍👩‍👧 Situation familiale
    </span>
  </div>
</DocumentFragment>
`;

exports[`PreWrittenQuestions > déclenche onClickPresetQuestion pour '{ cta: '👨\\u200d👩\\u200d👧 Situation familiale', q: 'Quelle est ta situation familiale ?' }' 1`] = `
<DocumentFragment>
  <div
    class="cta-row"
  >
    <span
      class="cta-chip"
    >
      🧑 Présentation
    </span>
    <span
      class="cta-chip"
    >
      💼 Raison de recherche d'emploi
    </span>
    <span
      class="cta-chip"
    >
      ⭐ Tes qualités
    </span>
    <span
      class="cta-chip"
    >
      ⚠️ Tes faiblesses
    </span>
    <span
      class="cta-chip"
    >
      👯‍♀️ Travail en équipe
    </span>
    <span
      class="cta-chip"
    >
      🔮 Vision du futur
    </span>
    <span
      class="cta-chip"
    >
      🧠 Expérience
    </span>
    <span
      class="cta-chip"
    >
      💰 Salaire
    </span>
    <span
      class="cta-chip"
    >
      🎯Hobbies
    </span>
    <span
      class="cta-chip"
    >
      👨‍👩‍👧 Situation familiale
    </span>
  </div>
</DocumentFragment>
`;

exports[`PreWrittenQuestions > déclenche onClickPresetQuestion pour '{ cta: '👯\\u200d♀️ Travail en équipe', q: 'Comment travaillez-vous avec les autres ?' }' 1`] = `
<DocumentFragment>
  <div
    class="cta-row"
  >
    <span
      class="cta-chip"
    >
      🧑 Présentation
    </span>
    <span
      class="cta-chip"
    >
      💼 Raison de recherche d'emploi
    </span>
    <span
      class="cta-chip"
    >
      ⭐ Tes qualités
    </span>
    <span
      class="cta-chip"
    >
      ⚠️ Tes faiblesses
    </span>
    <span
      class="cta-chip"
    >
      👯‍♀️ Travail en équipe
    </span>
    <span
      class="cta-chip"
    >
      🔮 Vision du futur
    </span>
    <span
      class="cta-chip"
    >
      🧠 Expérience
    </span>
    <span
      class="cta-chip"
    >
      💰 Salaire
    </span>
    <span
      class="cta-chip"
    >
      🎯Hobbies
    </span>
    <span
      class="cta-chip"
    >
      👨‍👩‍👧 Situation familiale
    </span>
  </div>
</DocumentFragment>
`;

exports[`PreWrittenQuestions > déclenche onClickPresetQuestion pour '{ cta: '💰 Salaire', q: 'Quelles sont tes prétentions salariales ?' }' 1`] = `
<DocumentFragment>
  <div
    class="cta-row"
  >
    <span
      class="cta-chip"
    >
      🧑 Présentation
    </span>
    <span
      class="cta-chip"
    >
      💼 Raison de recherche d'emploi
    </span>
    <span
      class="cta-chip"
    >
      ⭐ Tes qualités
    </span>
    <span
      class="cta-chip"
    >
      ⚠️ Tes faiblesses
    </span>
    <span
      class="cta-chip"
    >
      👯‍♀️ Travail en équipe
    </span>
    <span
      class="cta-chip"
    >
      🔮 Vision du futur
    </span>
    <span
      class="cta-chip"
    >
      🧠 Expérience
    </span>
    <span
      class="cta-chip"
    >
      💰 Salaire
    </span>
    <span
      class="cta-chip"
    >
      🎯Hobbies
    </span>
    <span
      class="cta-chip"
    >
      👨‍👩‍👧 Situation familiale
    </span>
  </div>
</DocumentFragment>
`;

exports[`PreWrittenQuestions > déclenche onClickPresetQuestion pour '{ cta: '💼 Raison de recherche d\\'emploi', q: 'Pourquoi tu cherches un nouveau poste ?' }' 1`] = `
<DocumentFragment>
  <div
    class="cta-row"
  >
    <span
      class="cta-chip"
    >
      🧑 Présentation
    </span>
    <span
      class="cta-chip"
    >
      💼 Raison de recherche d'emploi
    </span>
    <span
      class="cta-chip"
    >
      ⭐ Tes qualités
    </span>
    <span
      class="cta-chip"
    >
      ⚠️ Tes faiblesses
    </span>
    <span
      class="cta-chip"
    >
      👯‍♀️ Travail en équipe
    </span>
    <span
      class="cta-chip"
    >
      🔮 Vision du futur
    </span>
    <span
      class="cta-chip"
    >
      🧠 Expérience
    </span>
    <span
      class="cta-chip"
    >
      💰 Salaire
    </span>
    <span
      class="cta-chip"
    >
      🎯Hobbies
    </span>
    <span
      class="cta-chip"
    >
      👨‍👩‍👧 Situation familiale
    </span>
  </div>
</DocumentFragment>
`;

exports[`PreWrittenQuestions > déclenche onClickPresetQuestion pour '{ cta: '🔮 Vision du futur', q: 'Où te vois-tu dans quelques années ?' }' 1`] = `
<DocumentFragment>
  <div
    class="cta-row"
  >
    <span
      class="cta-chip"
    >
      🧑 Présentation
    </span>
    <span
      class="cta-chip"
    >
      💼 Raison de recherche d'emploi
    </span>
    <span
      class="cta-chip"
    >
      ⭐ Tes qualités
    </span>
    <span
      class="cta-chip"
    >
      ⚠️ Tes faiblesses
    </span>
    <span
      class="cta-chip"
    >
      👯‍♀️ Travail en équipe
    </span>
    <span
      class="cta-chip"
    >
      🔮 Vision du futur
    </span>
    <span
      class="cta-chip"
    >
      🧠 Expérience
    </span>
    <span
      class="cta-chip"
    >
      💰 Salaire
    </span>
    <span
      class="cta-chip"
    >
      🎯Hobbies
    </span>
    <span
      class="cta-chip"
    >
      👨‍👩‍👧 Situation familiale
    </span>
  </div>
</DocumentFragment>
`;

exports[`PreWrittenQuestions > déclenche onClickPresetQuestion pour '{ cta: '🧑 Présentation', q: 'Peux-tu te présenter un petit peu ?' }' 1`] = `
<DocumentFragment>
  <div
    class="cta-row"
  >
    <span
      class="cta-chip"
    >
      🧑 Présentation
    </span>
    <span
      class="cta-chip"
    >
      💼 Raison de recherche d'emploi
    </span>
    <span
      class="cta-chip"
    >
      ⭐ Tes qualités
    </span>
    <span
      class="cta-chip"
    >
      ⚠️ Tes faiblesses
    </span>
    <span
      class="cta-chip"
    >
      👯‍♀️ Travail en équipe
    </span>
    <span
      class="cta-chip"
    >
      🔮 Vision du futur
    </span>
    <span
      class="cta-chip"
    >
      🧠 Expérience
    </span>
    <span
      class="cta-chip"
    >
      💰 Salaire
    </span>
    <span
      class="cta-chip"
    >
      🎯Hobbies
    </span>
    <span
      class="cta-chip"
    >
      👨‍👩‍👧 Situation familiale
    </span>
  </div>
</DocumentFragment>
`;

exports[`PreWrittenQuestions > déclenche onClickPresetQuestion pour '{ cta: '🧠 Expérience', q: 'Parle-nous d\\'une expérience professionnelle pertinente.' }' 1`] = `
<DocumentFragment>
  <div
    class="cta-row"
  >
    <span
      class="cta-chip"
    >
      🧑 Présentation
    </span>
    <span
      class="cta-chip"
    >
      💼 Raison de recherche d'emploi
    </span>
    <span
      class="cta-chip"
    >
      ⭐ Tes qualités
    </span>
    <span
      class="cta-chip"
    >
      ⚠️ Tes faiblesses
    </span>
    <span
      class="cta-chip"
    >
      👯‍♀️ Travail en équipe
    </span>
    <span
      class="cta-chip"
    >
      🔮 Vision du futur
    </span>
    <span
      class="cta-chip"
    >
      🧠 Expérience
    </span>
    <span
      class="cta-chip"
    >
      💰 Salaire
    </span>
    <span
      class="cta-chip"
    >
      🎯Hobbies
    </span>
    <span
      class="cta-chip"
    >
      👨‍👩‍👧 Situation familiale
    </span>
  </div>
</DocumentFragment>
`;

exports[`PreWrittenQuestions - Rendering > affiche la question '{ cta: '⚠️ question.preWritten.short.weakness - translated', q: 'question.preWritten.short.weakness' }' 1`] = `
<DocumentFragment>
  <div
    class="cta-row"
  >
    <span
      class="cta-chip"
    >
      🧑 question.preWritten.short.introduce - translated
    </span>
    <span
      class="cta-chip"
    >
      💼 question.preWritten.short.jobSearchReason - translated
    </span>
    <span
      class="cta-chip"
    >
      ⭐ question.preWritten.short.quality - translated
    </span>
    <span
      class="cta-chip"
    >
      ⚠️ question.preWritten.short.weakness - translated
    </span>
    <span
      class="cta-chip"
    >
      👯‍♀️ question.preWritten.short.teamwork - translated
    </span>
    <span
      class="cta-chip"
    >
      🔮 question.preWritten.short.futureVision - translated
    </span>
    <span
      class="cta-chip"
    >
      🧠 question.preWritten.short.experience - translated
    </span>
    <span
      class="cta-chip"
    >
      💰 question.preWritten.short.salary - translated
    </span>
    <span
      class="cta-chip"
    >
      🎯 question.preWritten.short.hobbies - translated
    </span>
    <span
      class="cta-chip"
    >
      👨‍👩‍👧 question.preWritten.short.familySituation - translated
    </span>
  </div>
</DocumentFragment>
`;

exports[`PreWrittenQuestions - Rendering > affiche la question '{ cta: '⭐ question.preWritten.short.quality - translated', q: 'question.preWritten.short.quality' }' 1`] = `
<DocumentFragment>
  <div
    class="cta-row"
  >
    <span
      class="cta-chip"
    >
      🧑 question.preWritten.short.introduce - translated
    </span>
    <span
      class="cta-chip"
    >
      💼 question.preWritten.short.jobSearchReason - translated
    </span>
    <span
      class="cta-chip"
    >
      ⭐ question.preWritten.short.quality - translated
    </span>
    <span
      class="cta-chip"
    >
      ⚠️ question.preWritten.short.weakness - translated
    </span>
    <span
      class="cta-chip"
    >
      👯‍♀️ question.preWritten.short.teamwork - translated
    </span>
    <span
      class="cta-chip"
    >
      🔮 question.preWritten.short.futureVision - translated
    </span>
    <span
      class="cta-chip"
    >
      🧠 question.preWritten.short.experience - translated
    </span>
    <span
      class="cta-chip"
    >
      💰 question.preWritten.short.salary - translated
    </span>
    <span
      class="cta-chip"
    >
      🎯 question.preWritten.short.hobbies - translated
    </span>
    <span
      class="cta-chip"
    >
      👨‍👩‍👧 question.preWritten.short.familySituation - translated
    </span>
  </div>
</DocumentFragment>
`;

exports[`PreWrittenQuestions - Rendering > affiche la question '{ cta: '🎯 question.preWritten.short.hobbies - translated', q: 'question.preWritten.short.hobbies' }' 1`] = `
<DocumentFragment>
  <div
    class="cta-row"
  >
    <span
      class="cta-chip"
    >
      🧑 question.preWritten.short.introduce - translated
    </span>
    <span
      class="cta-chip"
    >
      💼 question.preWritten.short.jobSearchReason - translated
    </span>
    <span
      class="cta-chip"
    >
      ⭐ question.preWritten.short.quality - translated
    </span>
    <span
      class="cta-chip"
    >
      ⚠️ question.preWritten.short.weakness - translated
    </span>
    <span
      class="cta-chip"
    >
      👯‍♀️ question.preWritten.short.teamwork - translated
    </span>
    <span
      class="cta-chip"
    >
      🔮 question.preWritten.short.futureVision - translated
    </span>
    <span
      class="cta-chip"
    >
      🧠 question.preWritten.short.experience - translated
    </span>
    <span
      class="cta-chip"
    >
      💰 question.preWritten.short.salary - translated
    </span>
    <span
      class="cta-chip"
    >
      🎯 question.preWritten.short.hobbies - translated
    </span>
    <span
      class="cta-chip"
    >
      👨‍👩‍👧 question.preWritten.short.familySituation - translated
    </span>
  </div>
</DocumentFragment>
`;

exports[`PreWrittenQuestions - Rendering > affiche la question '{ cta: '👨\\u200d👩\\u200d👧 question.preWritten.short.familySituation - translated', q: 'question.preWritten.short.familySituation' }' 1`] = `
<DocumentFragment>
  <div
    class="cta-row"
  >
    <span
      class="cta-chip"
    >
      🧑 question.preWritten.short.introduce - translated
    </span>
    <span
      class="cta-chip"
    >
      💼 question.preWritten.short.jobSearchReason - translated
    </span>
    <span
      class="cta-chip"
    >
      ⭐ question.preWritten.short.quality - translated
    </span>
    <span
      class="cta-chip"
    >
      ⚠️ question.preWritten.short.weakness - translated
    </span>
    <span
      class="cta-chip"
    >
      👯‍♀️ question.preWritten.short.teamwork - translated
    </span>
    <span
      class="cta-chip"
    >
      🔮 question.preWritten.short.futureVision - translated
    </span>
    <span
      class="cta-chip"
    >
      🧠 question.preWritten.short.experience - translated
    </span>
    <span
      class="cta-chip"
    >
      💰 question.preWritten.short.salary - translated
    </span>
    <span
      class="cta-chip"
    >
      🎯 question.preWritten.short.hobbies - translated
    </span>
    <span
      class="cta-chip"
    >
      👨‍👩‍👧 question.preWritten.short.familySituation - translated
    </span>
  </div>
</DocumentFragment>
`;

exports[`PreWrittenQuestions - Rendering > affiche la question '{ cta: '👯\\u200d♀️ question.preWritten.short.teamwork - translated', q: 'question.preWritten.short.teamwork' }' 1`] = `
<DocumentFragment>
  <div
    class="cta-row"
  >
    <span
      class="cta-chip"
    >
      🧑 question.preWritten.short.introduce - translated
    </span>
    <span
      class="cta-chip"
    >
      💼 question.preWritten.short.jobSearchReason - translated
    </span>
    <span
      class="cta-chip"
    >
      ⭐ question.preWritten.short.quality - translated
    </span>
    <span
      class="cta-chip"
    >
      ⚠️ question.preWritten.short.weakness - translated
    </span>
    <span
      class="cta-chip"
    >
      👯‍♀️ question.preWritten.short.teamwork - translated
    </span>
    <span
      class="cta-chip"
    >
      🔮 question.preWritten.short.futureVision - translated
    </span>
    <span
      class="cta-chip"
    >
      🧠 question.preWritten.short.experience - translated
    </span>
    <span
      class="cta-chip"
    >
      💰 question.preWritten.short.salary - translated
    </span>
    <span
      class="cta-chip"
    >
      🎯 question.preWritten.short.hobbies - translated
    </span>
    <span
      class="cta-chip"
    >
      👨‍👩‍👧 question.preWritten.short.familySituation - translated
    </span>
  </div>
</DocumentFragment>
`;

exports[`PreWrittenQuestions - Rendering > affiche la question '{ cta: '💰 question.preWritten.short.salary - translated', q: 'question.preWritten.short.salary' }' 1`] = `
<DocumentFragment>
  <div
    class="cta-row"
  >
    <span
      class="cta-chip"
    >
      🧑 question.preWritten.short.introduce - translated
    </span>
    <span
      class="cta-chip"
    >
      💼 question.preWritten.short.jobSearchReason - translated
    </span>
    <span
      class="cta-chip"
    >
      ⭐ question.preWritten.short.quality - translated
    </span>
    <span
      class="cta-chip"
    >
      ⚠️ question.preWritten.short.weakness - translated
    </span>
    <span
      class="cta-chip"
    >
      👯‍♀️ question.preWritten.short.teamwork - translated
    </span>
    <span
      class="cta-chip"
    >
      🔮 question.preWritten.short.futureVision - translated
    </span>
    <span
      class="cta-chip"
    >
      🧠 question.preWritten.short.experience - translated
    </span>
    <span
      class="cta-chip"
    >
      💰 question.preWritten.short.salary - translated
    </span>
    <span
      class="cta-chip"
    >
      🎯 question.preWritten.short.hobbies - translated
    </span>
    <span
      class="cta-chip"
    >
      👨‍👩‍👧 question.preWritten.short.familySituation - translated
    </span>
  </div>
</DocumentFragment>
`;

exports[`PreWrittenQuestions - Rendering > affiche la question '{ cta: '💼 question.preWritten.short.jobSearchReason - translated', q: 'question.preWritten.short.jobSearchReason' }' 1`] = `
<DocumentFragment>
  <div
    class="cta-row"
  >
    <span
      class="cta-chip"
    >
      🧑 question.preWritten.short.introduce - translated
    </span>
    <span
      class="cta-chip"
    >
      💼 question.preWritten.short.jobSearchReason - translated
    </span>
    <span
      class="cta-chip"
    >
      ⭐ question.preWritten.short.quality - translated
    </span>
    <span
      class="cta-chip"
    >
      ⚠️ question.preWritten.short.weakness - translated
    </span>
    <span
      class="cta-chip"
    >
      👯‍♀️ question.preWritten.short.teamwork - translated
    </span>
    <span
      class="cta-chip"
    >
      🔮 question.preWritten.short.futureVision - translated
    </span>
    <span
      class="cta-chip"
    >
      🧠 question.preWritten.short.experience - translated
    </span>
    <span
      class="cta-chip"
    >
      💰 question.preWritten.short.salary - translated
    </span>
    <span
      class="cta-chip"
    >
      🎯 question.preWritten.short.hobbies - translated
    </span>
    <span
      class="cta-chip"
    >
      👨‍👩‍👧 question.preWritten.short.familySituation - translated
    </span>
  </div>
</DocumentFragment>
`;

exports[`PreWrittenQuestions - Rendering > affiche la question '{ cta: '🔮 question.preWritten.short.futureVision - translated', q: 'question.preWritten.short.futureVision' }' 1`] = `
<DocumentFragment>
  <div
    class="cta-row"
  >
    <span
      class="cta-chip"
    >
      🧑 question.preWritten.short.introduce - translated
    </span>
    <span
      class="cta-chip"
    >
      💼 question.preWritten.short.jobSearchReason - translated
    </span>
    <span
      class="cta-chip"
    >
      ⭐ question.preWritten.short.quality - translated
    </span>
    <span
      class="cta-chip"
    >
      ⚠️ question.preWritten.short.weakness - translated
    </span>
    <span
      class="cta-chip"
    >
      👯‍♀️ question.preWritten.short.teamwork - translated
    </span>
    <span
      class="cta-chip"
    >
      🔮 question.preWritten.short.futureVision - translated
    </span>
    <span
      class="cta-chip"
    >
      🧠 question.preWritten.short.experience - translated
    </span>
    <span
      class="cta-chip"
    >
      💰 question.preWritten.short.salary - translated
    </span>
    <span
      class="cta-chip"
    >
      🎯 question.preWritten.short.hobbies - translated
    </span>
    <span
      class="cta-chip"
    >
      👨‍👩‍👧 question.preWritten.short.familySituation - translated
    </span>
  </div>
</DocumentFragment>
`;

exports[`PreWrittenQuestions - Rendering > affiche la question '{ cta: '🧑 question.preWritten.short.introduce - translated', q: 'question.preWritten.short.introduce' }' 1`] = `
<DocumentFragment>
  <div
    class="cta-row"
  >
    <span
      class="cta-chip"
    >
      🧑 question.preWritten.short.introduce - translated
    </span>
    <span
      class="cta-chip"
    >
      💼 question.preWritten.short.jobSearchReason - translated
    </span>
    <span
      class="cta-chip"
    >
      ⭐ question.preWritten.short.quality - translated
    </span>
    <span
      class="cta-chip"
    >
      ⚠️ question.preWritten.short.weakness - translated
    </span>
    <span
      class="cta-chip"
    >
      👯‍♀️ question.preWritten.short.teamwork - translated
    </span>
    <span
      class="cta-chip"
    >
      🔮 question.preWritten.short.futureVision - translated
    </span>
    <span
      class="cta-chip"
    >
      🧠 question.preWritten.short.experience - translated
    </span>
    <span
      class="cta-chip"
    >
      💰 question.preWritten.short.salary - translated
    </span>
    <span
      class="cta-chip"
    >
      🎯 question.preWritten.short.hobbies - translated
    </span>
    <span
      class="cta-chip"
    >
      👨‍👩‍👧 question.preWritten.short.familySituation - translated
    </span>
  </div>
</DocumentFragment>
`;

exports[`PreWrittenQuestions - Rendering > affiche la question '{ cta: '🧠 question.preWritten.short.experience - translated', q: 'question.preWritten.short.experience' }' 1`] = `
<DocumentFragment>
  <div
    class="cta-row"
  >
    <span
      class="cta-chip"
    >
      🧑 question.preWritten.short.introduce - translated
    </span>
    <span
      class="cta-chip"
    >
      💼 question.preWritten.short.jobSearchReason - translated
    </span>
    <span
      class="cta-chip"
    >
      ⭐ question.preWritten.short.quality - translated
    </span>
    <span
      class="cta-chip"
    >
      ⚠️ question.preWritten.short.weakness - translated
    </span>
    <span
      class="cta-chip"
    >
      👯‍♀️ question.preWritten.short.teamwork - translated
    </span>
    <span
      class="cta-chip"
    >
      🔮 question.preWritten.short.futureVision - translated
    </span>
    <span
      class="cta-chip"
    >
      🧠 question.preWritten.short.experience - translated
    </span>
    <span
      class="cta-chip"
    >
      💰 question.preWritten.short.salary - translated
    </span>
    <span
      class="cta-chip"
    >
      🎯 question.preWritten.short.hobbies - translated
    </span>
    <span
      class="cta-chip"
    >
      👨‍👩‍👧 question.preWritten.short.familySituation - translated
    </span>
  </div>
</DocumentFragment>
`;

exports[`PreWrittenQuestions - Rendering > display question '{ cta: '⚠️ question.preWritten.short.weakness - translated', q: 'question.preWritten.full.weakness - translated' }' 1`] = `
<DocumentFragment>
  <div
    class="cta-row"
  >
    <span
      class="cta-chip"
    >
      🧑 question.preWritten.short.introduce - translated
    </span>
    <span
      class="cta-chip"
    >
      💼 question.preWritten.short.jobSearchReason - translated
    </span>
    <span
      class="cta-chip"
    >
      ⭐ question.preWritten.short.quality - translated
    </span>
    <span
      class="cta-chip"
    >
      ⚠️ question.preWritten.short.weakness - translated
    </span>
    <span
      class="cta-chip"
    >
      👯‍♀️ question.preWritten.short.teamwork - translated
    </span>
    <span
      class="cta-chip"
    >
      🔮 question.preWritten.short.futureVision - translated
    </span>
    <span
      class="cta-chip"
    >
      🧠 question.preWritten.short.experience - translated
    </span>
    <span
      class="cta-chip"
    >
      💰 question.preWritten.short.salary - translated
    </span>
    <span
      class="cta-chip"
    >
      🎯 question.preWritten.short.hobbies - translated
    </span>
    <span
      class="cta-chip"
    >
      👨‍👩‍👧 question.preWritten.short.familySituation - translated
    </span>
  </div>
</DocumentFragment>
`;

exports[`PreWrittenQuestions - Rendering > display question '{ cta: '⚠️ question.preWritten.short.weakness - translated', q: 'question.preWritten.short.weakness - translated' }' 1`] = `
<DocumentFragment>
  <div
    class="cta-row"
  >
    <span
      class="cta-chip"
    >
      🧑 question.preWritten.short.introduce - translated
    </span>
    <span
      class="cta-chip"
    >
      💼 question.preWritten.short.jobSearchReason - translated
    </span>
    <span
      class="cta-chip"
    >
      ⭐ question.preWritten.short.quality - translated
    </span>
    <span
      class="cta-chip"
    >
      ⚠️ question.preWritten.short.weakness - translated
    </span>
    <span
      class="cta-chip"
    >
      👯‍♀️ question.preWritten.short.teamwork - translated
    </span>
    <span
      class="cta-chip"
    >
      🔮 question.preWritten.short.futureVision - translated
    </span>
    <span
      class="cta-chip"
    >
      🧠 question.preWritten.short.experience - translated
    </span>
    <span
      class="cta-chip"
    >
      💰 question.preWritten.short.salary - translated
    </span>
    <span
      class="cta-chip"
    >
      🎯 question.preWritten.short.hobbies - translated
    </span>
    <span
      class="cta-chip"
    >
      👨‍👩‍👧 question.preWritten.short.familySituation - translated
    </span>
  </div>
</DocumentFragment>
`;

exports[`PreWrittenQuestions - Rendering > display question '{ cta: '⚠️ question.preWritten.short.weakness - translated', q: 'question.preWritten.short.weakness' }' 1`] = `
<DocumentFragment>
  <div
    class="cta-row"
  >
    <span
      class="cta-chip"
    >
      🧑 question.preWritten.short.introduce - translated
    </span>
    <span
      class="cta-chip"
    >
      💼 question.preWritten.short.jobSearchReason - translated
    </span>
    <span
      class="cta-chip"
    >
      ⭐ question.preWritten.short.quality - translated
    </span>
    <span
      class="cta-chip"
    >
      ⚠️ question.preWritten.short.weakness - translated
    </span>
    <span
      class="cta-chip"
    >
      👯‍♀️ question.preWritten.short.teamwork - translated
    </span>
    <span
      class="cta-chip"
    >
      🔮 question.preWritten.short.futureVision - translated
    </span>
    <span
      class="cta-chip"
    >
      🧠 question.preWritten.short.experience - translated
    </span>
    <span
      class="cta-chip"
    >
      💰 question.preWritten.short.salary - translated
    </span>
    <span
      class="cta-chip"
    >
      🎯 question.preWritten.short.hobbies - translated
    </span>
    <span
      class="cta-chip"
    >
      👨‍👩‍👧 question.preWritten.short.familySituation - translated
    </span>
  </div>
</DocumentFragment>
`;

exports[`PreWrittenQuestions - Rendering > display question '{ cta: '⭐ question.preWritten.short.quality - translated', q: 'question.preWritten.full.quality - translated' }' 1`] = `
<DocumentFragment>
  <div
    class="cta-row"
  >
    <span
      class="cta-chip"
    >
      🧑 question.preWritten.short.introduce - translated
    </span>
    <span
      class="cta-chip"
    >
      💼 question.preWritten.short.jobSearchReason - translated
    </span>
    <span
      class="cta-chip"
    >
      ⭐ question.preWritten.short.quality - translated
    </span>
    <span
      class="cta-chip"
    >
      ⚠️ question.preWritten.short.weakness - translated
    </span>
    <span
      class="cta-chip"
    >
      👯‍♀️ question.preWritten.short.teamwork - translated
    </span>
    <span
      class="cta-chip"
    >
      🔮 question.preWritten.short.futureVision - translated
    </span>
    <span
      class="cta-chip"
    >
      🧠 question.preWritten.short.experience - translated
    </span>
    <span
      class="cta-chip"
    >
      💰 question.preWritten.short.salary - translated
    </span>
    <span
      class="cta-chip"
    >
      🎯 question.preWritten.short.hobbies - translated
    </span>
    <span
      class="cta-chip"
    >
      👨‍👩‍👧 question.preWritten.short.familySituation - translated
    </span>
  </div>
</DocumentFragment>
`;

exports[`PreWrittenQuestions - Rendering > display question '{ cta: '⭐ question.preWritten.short.quality - translated', q: 'question.preWritten.short.quality - translated' }' 1`] = `
<DocumentFragment>
  <div
    class="cta-row"
  >
    <span
      class="cta-chip"
    >
      🧑 question.preWritten.short.introduce - translated
    </span>
    <span
      class="cta-chip"
    >
      💼 question.preWritten.short.jobSearchReason - translated
    </span>
    <span
      class="cta-chip"
    >
      ⭐ question.preWritten.short.quality - translated
    </span>
    <span
      class="cta-chip"
    >
      ⚠️ question.preWritten.short.weakness - translated
    </span>
    <span
      class="cta-chip"
    >
      👯‍♀️ question.preWritten.short.teamwork - translated
    </span>
    <span
      class="cta-chip"
    >
      🔮 question.preWritten.short.futureVision - translated
    </span>
    <span
      class="cta-chip"
    >
      🧠 question.preWritten.short.experience - translated
    </span>
    <span
      class="cta-chip"
    >
      💰 question.preWritten.short.salary - translated
    </span>
    <span
      class="cta-chip"
    >
      🎯 question.preWritten.short.hobbies - translated
    </span>
    <span
      class="cta-chip"
    >
      👨‍👩‍👧 question.preWritten.short.familySituation - translated
    </span>
  </div>
</DocumentFragment>
`;

exports[`PreWrittenQuestions - Rendering > display question '{ cta: '⭐ question.preWritten.short.quality - translated', q: 'question.preWritten.short.quality' }' 1`] = `
<DocumentFragment>
  <div
    class="cta-row"
  >
    <span
      class="cta-chip"
    >
      🧑 question.preWritten.short.introduce - translated
    </span>
    <span
      class="cta-chip"
    >
      💼 question.preWritten.short.jobSearchReason - translated
    </span>
    <span
      class="cta-chip"
    >
      ⭐ question.preWritten.short.quality - translated
    </span>
    <span
      class="cta-chip"
    >
      ⚠️ question.preWritten.short.weakness - translated
    </span>
    <span
      class="cta-chip"
    >
      👯‍♀️ question.preWritten.short.teamwork - translated
    </span>
    <span
      class="cta-chip"
    >
      🔮 question.preWritten.short.futureVision - translated
    </span>
    <span
      class="cta-chip"
    >
      🧠 question.preWritten.short.experience - translated
    </span>
    <span
      class="cta-chip"
    >
      💰 question.preWritten.short.salary - translated
    </span>
    <span
      class="cta-chip"
    >
      🎯 question.preWritten.short.hobbies - translated
    </span>
    <span
      class="cta-chip"
    >
      👨‍👩‍👧 question.preWritten.short.familySituation - translated
    </span>
  </div>
</DocumentFragment>
`;

exports[`PreWrittenQuestions - Rendering > display question '{ cta: '🎯 question.preWritten.short.hobbies - translated', q: 'question.preWritten.full.hobbies - translated' }' 1`] = `
<DocumentFragment>
  <div
    class="cta-row"
  >
    <span
      class="cta-chip"
    >
      🧑 question.preWritten.short.introduce - translated
    </span>
    <span
      class="cta-chip"
    >
      💼 question.preWritten.short.jobSearchReason - translated
    </span>
    <span
      class="cta-chip"
    >
      ⭐ question.preWritten.short.quality - translated
    </span>
    <span
      class="cta-chip"
    >
      ⚠️ question.preWritten.short.weakness - translated
    </span>
    <span
      class="cta-chip"
    >
      👯‍♀️ question.preWritten.short.teamwork - translated
    </span>
    <span
      class="cta-chip"
    >
      🔮 question.preWritten.short.futureVision - translated
    </span>
    <span
      class="cta-chip"
    >
      🧠 question.preWritten.short.experience - translated
    </span>
    <span
      class="cta-chip"
    >
      💰 question.preWritten.short.salary - translated
    </span>
    <span
      class="cta-chip"
    >
      🎯 question.preWritten.short.hobbies - translated
    </span>
    <span
      class="cta-chip"
    >
      👨‍👩‍👧 question.preWritten.short.familySituation - translated
    </span>
  </div>
</DocumentFragment>
`;

exports[`PreWrittenQuestions - Rendering > display question '{ cta: '🎯 question.preWritten.short.hobbies - translated', q: 'question.preWritten.short.hobbies - translated' }' 1`] = `
<DocumentFragment>
  <div
    class="cta-row"
  >
    <span
      class="cta-chip"
    >
      🧑 question.preWritten.short.introduce - translated
    </span>
    <span
      class="cta-chip"
    >
      💼 question.preWritten.short.jobSearchReason - translated
    </span>
    <span
      class="cta-chip"
    >
      ⭐ question.preWritten.short.quality - translated
    </span>
    <span
      class="cta-chip"
    >
      ⚠️ question.preWritten.short.weakness - translated
    </span>
    <span
      class="cta-chip"
    >
      👯‍♀️ question.preWritten.short.teamwork - translated
    </span>
    <span
      class="cta-chip"
    >
      🔮 question.preWritten.short.futureVision - translated
    </span>
    <span
      class="cta-chip"
    >
      🧠 question.preWritten.short.experience - translated
    </span>
    <span
      class="cta-chip"
    >
      💰 question.preWritten.short.salary - translated
    </span>
    <span
      class="cta-chip"
    >
      🎯 question.preWritten.short.hobbies - translated
    </span>
    <span
      class="cta-chip"
    >
      👨‍👩‍👧 question.preWritten.short.familySituation - translated
    </span>
  </div>
</DocumentFragment>
`;

exports[`PreWrittenQuestions - Rendering > display question '{ cta: '🎯 question.preWritten.short.hobbies - translated', q: 'question.preWritten.short.hobbies' }' 1`] = `
<DocumentFragment>
  <div
    class="cta-row"
  >
    <span
      class="cta-chip"
    >
      🧑 question.preWritten.short.introduce - translated
    </span>
    <span
      class="cta-chip"
    >
      💼 question.preWritten.short.jobSearchReason - translated
    </span>
    <span
      class="cta-chip"
    >
      ⭐ question.preWritten.short.quality - translated
    </span>
    <span
      class="cta-chip"
    >
      ⚠️ question.preWritten.short.weakness - translated
    </span>
    <span
      class="cta-chip"
    >
      👯‍♀️ question.preWritten.short.teamwork - translated
    </span>
    <span
      class="cta-chip"
    >
      🔮 question.preWritten.short.futureVision - translated
    </span>
    <span
      class="cta-chip"
    >
      🧠 question.preWritten.short.experience - translated
    </span>
    <span
      class="cta-chip"
    >
      💰 question.preWritten.short.salary - translated
    </span>
    <span
      class="cta-chip"
    >
      🎯 question.preWritten.short.hobbies - translated
    </span>
    <span
      class="cta-chip"
    >
      👨‍👩‍👧 question.preWritten.short.familySituation - translated
    </span>
  </div>
</DocumentFragment>
`;

exports[`PreWrittenQuestions - Rendering > display question '{ cta: '👨\\u200d👩\\u200d👧 question.preWritten.short.familySituation - translated', q: 'question.preWritten.full.familySituation - translated' }' 1`] = `
<DocumentFragment>
  <div
    class="cta-row"
  >
    <span
      class="cta-chip"
    >
      🧑 question.preWritten.short.introduce - translated
    </span>
    <span
      class="cta-chip"
    >
      💼 question.preWritten.short.jobSearchReason - translated
    </span>
    <span
      class="cta-chip"
    >
      ⭐ question.preWritten.short.quality - translated
    </span>
    <span
      class="cta-chip"
    >
      ⚠️ question.preWritten.short.weakness - translated
    </span>
    <span
      class="cta-chip"
    >
      👯‍♀️ question.preWritten.short.teamwork - translated
    </span>
    <span
      class="cta-chip"
    >
      🔮 question.preWritten.short.futureVision - translated
    </span>
    <span
      class="cta-chip"
    >
      🧠 question.preWritten.short.experience - translated
    </span>
    <span
      class="cta-chip"
    >
      💰 question.preWritten.short.salary - translated
    </span>
    <span
      class="cta-chip"
    >
      🎯 question.preWritten.short.hobbies - translated
    </span>
    <span
      class="cta-chip"
    >
      👨‍👩‍👧 question.preWritten.short.familySituation - translated
    </span>
  </div>
</DocumentFragment>
`;

exports[`PreWrittenQuestions - Rendering > display question '{ cta: '👨\\u200d👩\\u200d👧 question.preWritten.short.familySituation - translated', q: 'question.preWritten.short.familySituation - translated' }' 1`] = `
<DocumentFragment>
  <div
    class="cta-row"
  >
    <span
      class="cta-chip"
    >
      🧑 question.preWritten.short.introduce - translated
    </span>
    <span
      class="cta-chip"
    >
      💼 question.preWritten.short.jobSearchReason - translated
    </span>
    <span
      class="cta-chip"
    >
      ⭐ question.preWritten.short.quality - translated
    </span>
    <span
      class="cta-chip"
    >
      ⚠️ question.preWritten.short.weakness - translated
    </span>
    <span
      class="cta-chip"
    >
      👯‍♀️ question.preWritten.short.teamwork - translated
    </span>
    <span
      class="cta-chip"
    >
      🔮 question.preWritten.short.futureVision - translated
    </span>
    <span
      class="cta-chip"
    >
      🧠 question.preWritten.short.experience - translated
    </span>
    <span
      class="cta-chip"
    >
      💰 question.preWritten.short.salary - translated
    </span>
    <span
      class="cta-chip"
    >
      🎯 question.preWritten.short.hobbies - translated
    </span>
    <span
      class="cta-chip"
    >
      👨‍👩‍👧 question.preWritten.short.familySituation - translated
    </span>
  </div>
</DocumentFragment>
`;

exports[`PreWrittenQuestions - Rendering > display question '{ cta: '👨\\u200d👩\\u200d👧 question.preWritten.short.familySituation - translated', q: 'question.preWritten.short.familySituation' }' 1`] = `
<DocumentFragment>
  <div
    class="cta-row"
  >
    <span
      class="cta-chip"
    >
      🧑 question.preWritten.short.introduce - translated
    </span>
    <span
      class="cta-chip"
    >
      💼 question.preWritten.short.jobSearchReason - translated
    </span>
    <span
      class="cta-chip"
    >
      ⭐ question.preWritten.short.quality - translated
    </span>
    <span
      class="cta-chip"
    >
      ⚠️ question.preWritten.short.weakness - translated
    </span>
    <span
      class="cta-chip"
    >
      👯‍♀️ question.preWritten.short.teamwork - translated
    </span>
    <span
      class="cta-chip"
    >
      🔮 question.preWritten.short.futureVision - translated
    </span>
    <span
      class="cta-chip"
    >
      🧠 question.preWritten.short.experience - translated
    </span>
    <span
      class="cta-chip"
    >
      💰 question.preWritten.short.salary - translated
    </span>
    <span
      class="cta-chip"
    >
      🎯 question.preWritten.short.hobbies - translated
    </span>
    <span
      class="cta-chip"
    >
      👨‍👩‍👧 question.preWritten.short.familySituation - translated
    </span>
  </div>
</DocumentFragment>
`;

exports[`PreWrittenQuestions - Rendering > display question '{ cta: '👯\\u200d♀️ question.preWritten.short.teamwork - translated', q: 'question.preWritten.full.teamwork - translated' }' 1`] = `
<DocumentFragment>
  <div
    class="cta-row"
  >
    <span
      class="cta-chip"
    >
      🧑 question.preWritten.short.introduce - translated
    </span>
    <span
      class="cta-chip"
    >
      💼 question.preWritten.short.jobSearchReason - translated
    </span>
    <span
      class="cta-chip"
    >
      ⭐ question.preWritten.short.quality - translated
    </span>
    <span
      class="cta-chip"
    >
      ⚠️ question.preWritten.short.weakness - translated
    </span>
    <span
      class="cta-chip"
    >
      👯‍♀️ question.preWritten.short.teamwork - translated
    </span>
    <span
      class="cta-chip"
    >
      🔮 question.preWritten.short.futureVision - translated
    </span>
    <span
      class="cta-chip"
    >
      🧠 question.preWritten.short.experience - translated
    </span>
    <span
      class="cta-chip"
    >
      💰 question.preWritten.short.salary - translated
    </span>
    <span
      class="cta-chip"
    >
      🎯 question.preWritten.short.hobbies - translated
    </span>
    <span
      class="cta-chip"
    >
      👨‍👩‍👧 question.preWritten.short.familySituation - translated
    </span>
  </div>
</DocumentFragment>
`;

exports[`PreWrittenQuestions - Rendering > display question '{ cta: '👯\\u200d♀️ question.preWritten.short.teamwork - translated', q: 'question.preWritten.short.teamwork - translated' }' 1`] = `
<DocumentFragment>
  <div
    class="cta-row"
  >
    <span
      class="cta-chip"
    >
      🧑 question.preWritten.short.introduce - translated
    </span>
    <span
      class="cta-chip"
    >
      💼 question.preWritten.short.jobSearchReason - translated
    </span>
    <span
      class="cta-chip"
    >
      ⭐ question.preWritten.short.quality - translated
    </span>
    <span
      class="cta-chip"
    >
      ⚠️ question.preWritten.short.weakness - translated
    </span>
    <span
      class="cta-chip"
    >
      👯‍♀️ question.preWritten.short.teamwork - translated
    </span>
    <span
      class="cta-chip"
    >
      🔮 question.preWritten.short.futureVision - translated
    </span>
    <span
      class="cta-chip"
    >
      🧠 question.preWritten.short.experience - translated
    </span>
    <span
      class="cta-chip"
    >
      💰 question.preWritten.short.salary - translated
    </span>
    <span
      class="cta-chip"
    >
      🎯 question.preWritten.short.hobbies - translated
    </span>
    <span
      class="cta-chip"
    >
      👨‍👩‍👧 question.preWritten.short.familySituation - translated
    </span>
  </div>
</DocumentFragment>
`;

exports[`PreWrittenQuestions - Rendering > display question '{ cta: '👯\\u200d♀️ question.preWritten.short.teamwork - translated', q: 'question.preWritten.short.teamwork' }' 1`] = `
<DocumentFragment>
  <div
    class="cta-row"
  >
    <span
      class="cta-chip"
    >
      🧑 question.preWritten.short.introduce - translated
    </span>
    <span
      class="cta-chip"
    >
      💼 question.preWritten.short.jobSearchReason - translated
    </span>
    <span
      class="cta-chip"
    >
      ⭐ question.preWritten.short.quality - translated
    </span>
    <span
      class="cta-chip"
    >
      ⚠️ question.preWritten.short.weakness - translated
    </span>
    <span
      class="cta-chip"
    >
      👯‍♀️ question.preWritten.short.teamwork - translated
    </span>
    <span
      class="cta-chip"
    >
      🔮 question.preWritten.short.futureVision - translated
    </span>
    <span
      class="cta-chip"
    >
      🧠 question.preWritten.short.experience - translated
    </span>
    <span
      class="cta-chip"
    >
      💰 question.preWritten.short.salary - translated
    </span>
    <span
      class="cta-chip"
    >
      🎯 question.preWritten.short.hobbies - translated
    </span>
    <span
      class="cta-chip"
    >
      👨‍👩‍👧 question.preWritten.short.familySituation - translated
    </span>
  </div>
</DocumentFragment>
`;

exports[`PreWrittenQuestions - Rendering > display question '{ cta: '💰 question.preWritten.short.salary - translated', q: 'question.preWritten.full.salary - translated' }' 1`] = `
<DocumentFragment>
  <div
    class="cta-row"
  >
    <span
      class="cta-chip"
    >
      🧑 question.preWritten.short.introduce - translated
    </span>
    <span
      class="cta-chip"
    >
      💼 question.preWritten.short.jobSearchReason - translated
    </span>
    <span
      class="cta-chip"
    >
      ⭐ question.preWritten.short.quality - translated
    </span>
    <span
      class="cta-chip"
    >
      ⚠️ question.preWritten.short.weakness - translated
    </span>
    <span
      class="cta-chip"
    >
      👯‍♀️ question.preWritten.short.teamwork - translated
    </span>
    <span
      class="cta-chip"
    >
      🔮 question.preWritten.short.futureVision - translated
    </span>
    <span
      class="cta-chip"
    >
      🧠 question.preWritten.short.experience - translated
    </span>
    <span
      class="cta-chip"
    >
      💰 question.preWritten.short.salary - translated
    </span>
    <span
      class="cta-chip"
    >
      🎯 question.preWritten.short.hobbies - translated
    </span>
    <span
      class="cta-chip"
    >
      👨‍👩‍👧 question.preWritten.short.familySituation - translated
    </span>
  </div>
</DocumentFragment>
`;

exports[`PreWrittenQuestions - Rendering > display question '{ cta: '💰 question.preWritten.short.salary - translated', q: 'question.preWritten.short.salary - translated' }' 1`] = `
<DocumentFragment>
  <div
    class="cta-row"
  >
    <span
      class="cta-chip"
    >
      🧑 question.preWritten.short.introduce - translated
    </span>
    <span
      class="cta-chip"
    >
      💼 question.preWritten.short.jobSearchReason - translated
    </span>
    <span
      class="cta-chip"
    >
      ⭐ question.preWritten.short.quality - translated
    </span>
    <span
      class="cta-chip"
    >
      ⚠️ question.preWritten.short.weakness - translated
    </span>
    <span
      class="cta-chip"
    >
      👯‍♀️ question.preWritten.short.teamwork - translated
    </span>
    <span
      class="cta-chip"
    >
      🔮 question.preWritten.short.futureVision - translated
    </span>
    <span
      class="cta-chip"
    >
      🧠 question.preWritten.short.experience - translated
    </span>
    <span
      class="cta-chip"
    >
      💰 question.preWritten.short.salary - translated
    </span>
    <span
      class="cta-chip"
    >
      🎯 question.preWritten.short.hobbies - translated
    </span>
    <span
      class="cta-chip"
    >
      👨‍👩‍👧 question.preWritten.short.familySituation - translated
    </span>
  </div>
</DocumentFragment>
`;

exports[`PreWrittenQuestions - Rendering > display question '{ cta: '💰 question.preWritten.short.salary - translated', q: 'question.preWritten.short.salary' }' 1`] = `
<DocumentFragment>
  <div
    class="cta-row"
  >
    <span
      class="cta-chip"
    >
      🧑 question.preWritten.short.introduce - translated
    </span>
    <span
      class="cta-chip"
    >
      💼 question.preWritten.short.jobSearchReason - translated
    </span>
    <span
      class="cta-chip"
    >
      ⭐ question.preWritten.short.quality - translated
    </span>
    <span
      class="cta-chip"
    >
      ⚠️ question.preWritten.short.weakness - translated
    </span>
    <span
      class="cta-chip"
    >
      👯‍♀️ question.preWritten.short.teamwork - translated
    </span>
    <span
      class="cta-chip"
    >
      🔮 question.preWritten.short.futureVision - translated
    </span>
    <span
      class="cta-chip"
    >
      🧠 question.preWritten.short.experience - translated
    </span>
    <span
      class="cta-chip"
    >
      💰 question.preWritten.short.salary - translated
    </span>
    <span
      class="cta-chip"
    >
      🎯 question.preWritten.short.hobbies - translated
    </span>
    <span
      class="cta-chip"
    >
      👨‍👩‍👧 question.preWritten.short.familySituation - translated
    </span>
  </div>
</DocumentFragment>
`;

exports[`PreWrittenQuestions - Rendering > display question '{ cta: '💼 question.preWritten.short.jobSearchReason - translated', q: 'question.preWritten.full.jobSearchReason - translated' }' 1`] = `
<DocumentFragment>
  <div
    class="cta-row"
  >
    <span
      class="cta-chip"
    >
      🧑 question.preWritten.short.introduce - translated
    </span>
    <span
      class="cta-chip"
    >
      💼 question.preWritten.short.jobSearchReason - translated
    </span>
    <span
      class="cta-chip"
    >
      ⭐ question.preWritten.short.quality - translated
    </span>
    <span
      class="cta-chip"
    >
      ⚠️ question.preWritten.short.weakness - translated
    </span>
    <span
      class="cta-chip"
    >
      👯‍♀️ question.preWritten.short.teamwork - translated
    </span>
    <span
      class="cta-chip"
    >
      🔮 question.preWritten.short.futureVision - translated
    </span>
    <span
      class="cta-chip"
    >
      🧠 question.preWritten.short.experience - translated
    </span>
    <span
      class="cta-chip"
    >
      💰 question.preWritten.short.salary - translated
    </span>
    <span
      class="cta-chip"
    >
      🎯 question.preWritten.short.hobbies - translated
    </span>
    <span
      class="cta-chip"
    >
      👨‍👩‍👧 question.preWritten.short.familySituation - translated
    </span>
  </div>
</DocumentFragment>
`;

exports[`PreWrittenQuestions - Rendering > display question '{ cta: '💼 question.preWritten.short.jobSearchReason - translated', q: 'question.preWritten.short.jobSearchReason - translated' }' 1`] = `
<DocumentFragment>
  <div
    class="cta-row"
  >
    <span
      class="cta-chip"
    >
      🧑 question.preWritten.short.introduce - translated
    </span>
    <span
      class="cta-chip"
    >
      💼 question.preWritten.short.jobSearchReason - translated
    </span>
    <span
      class="cta-chip"
    >
      ⭐ question.preWritten.short.quality - translated
    </span>
    <span
      class="cta-chip"
    >
      ⚠️ question.preWritten.short.weakness - translated
    </span>
    <span
      class="cta-chip"
    >
      👯‍♀️ question.preWritten.short.teamwork - translated
    </span>
    <span
      class="cta-chip"
    >
      🔮 question.preWritten.short.futureVision - translated
    </span>
    <span
      class="cta-chip"
    >
      🧠 question.preWritten.short.experience - translated
    </span>
    <span
      class="cta-chip"
    >
      💰 question.preWritten.short.salary - translated
    </span>
    <span
      class="cta-chip"
    >
      🎯 question.preWritten.short.hobbies - translated
    </span>
    <span
      class="cta-chip"
    >
      👨‍👩‍👧 question.preWritten.short.familySituation - translated
    </span>
  </div>
</DocumentFragment>
`;

exports[`PreWrittenQuestions - Rendering > display question '{ cta: '💼 question.preWritten.short.jobSearchReason - translated', q: 'question.preWritten.short.jobSearchReason' }' 1`] = `
<DocumentFragment>
  <div
    class="cta-row"
  >
    <span
      class="cta-chip"
    >
      🧑 question.preWritten.short.introduce - translated
    </span>
    <span
      class="cta-chip"
    >
      💼 question.preWritten.short.jobSearchReason - translated
    </span>
    <span
      class="cta-chip"
    >
      ⭐ question.preWritten.short.quality - translated
    </span>
    <span
      class="cta-chip"
    >
      ⚠️ question.preWritten.short.weakness - translated
    </span>
    <span
      class="cta-chip"
    >
      👯‍♀️ question.preWritten.short.teamwork - translated
    </span>
    <span
      class="cta-chip"
    >
      🔮 question.preWritten.short.futureVision - translated
    </span>
    <span
      class="cta-chip"
    >
      🧠 question.preWritten.short.experience - translated
    </span>
    <span
      class="cta-chip"
    >
      💰 question.preWritten.short.salary - translated
    </span>
    <span
      class="cta-chip"
    >
      🎯 question.preWritten.short.hobbies - translated
    </span>
    <span
      class="cta-chip"
    >
      👨‍👩‍👧 question.preWritten.short.familySituation - translated
    </span>
  </div>
</DocumentFragment>
`;

exports[`PreWrittenQuestions - Rendering > display question '{ cta: '🔮 question.preWritten.short.futureVision - translated', q: 'question.preWritten.full.futureVision - translated' }' 1`] = `
<DocumentFragment>
  <div
    class="cta-row"
  >
    <span
      class="cta-chip"
    >
      🧑 question.preWritten.short.introduce - translated
    </span>
    <span
      class="cta-chip"
    >
      💼 question.preWritten.short.jobSearchReason - translated
    </span>
    <span
      class="cta-chip"
    >
      ⭐ question.preWritten.short.quality - translated
    </span>
    <span
      class="cta-chip"
    >
      ⚠️ question.preWritten.short.weakness - translated
    </span>
    <span
      class="cta-chip"
    >
      👯‍♀️ question.preWritten.short.teamwork - translated
    </span>
    <span
      class="cta-chip"
    >
      🔮 question.preWritten.short.futureVision - translated
    </span>
    <span
      class="cta-chip"
    >
      🧠 question.preWritten.short.experience - translated
    </span>
    <span
      class="cta-chip"
    >
      💰 question.preWritten.short.salary - translated
    </span>
    <span
      class="cta-chip"
    >
      🎯 question.preWritten.short.hobbies - translated
    </span>
    <span
      class="cta-chip"
    >
      👨‍👩‍👧 question.preWritten.short.familySituation - translated
    </span>
  </div>
</DocumentFragment>
`;

exports[`PreWrittenQuestions - Rendering > display question '{ cta: '🔮 question.preWritten.short.futureVision - translated', q: 'question.preWritten.short.futureVision - translated' }' 1`] = `
<DocumentFragment>
  <div
    class="cta-row"
  >
    <span
      class="cta-chip"
    >
      🧑 question.preWritten.short.introduce - translated
    </span>
    <span
      class="cta-chip"
    >
      💼 question.preWritten.short.jobSearchReason - translated
    </span>
    <span
      class="cta-chip"
    >
      ⭐ question.preWritten.short.quality - translated
    </span>
    <span
      class="cta-chip"
    >
      ⚠️ question.preWritten.short.weakness - translated
    </span>
    <span
      class="cta-chip"
    >
      👯‍♀️ question.preWritten.short.teamwork - translated
    </span>
    <span
      class="cta-chip"
    >
      🔮 question.preWritten.short.futureVision - translated
    </span>
    <span
      class="cta-chip"
    >
      🧠 question.preWritten.short.experience - translated
    </span>
    <span
      class="cta-chip"
    >
      💰 question.preWritten.short.salary - translated
    </span>
    <span
      class="cta-chip"
    >
      🎯 question.preWritten.short.hobbies - translated
    </span>
    <span
      class="cta-chip"
    >
      👨‍👩‍👧 question.preWritten.short.familySituation - translated
    </span>
  </div>
</DocumentFragment>
`;

exports[`PreWrittenQuestions - Rendering > display question '{ cta: '🔮 question.preWritten.short.futureVision - translated', q: 'question.preWritten.short.futureVision' }' 1`] = `
<DocumentFragment>
  <div
    class="cta-row"
  >
    <span
      class="cta-chip"
    >
      🧑 question.preWritten.short.introduce - translated
    </span>
    <span
      class="cta-chip"
    >
      💼 question.preWritten.short.jobSearchReason - translated
    </span>
    <span
      class="cta-chip"
    >
      ⭐ question.preWritten.short.quality - translated
    </span>
    <span
      class="cta-chip"
    >
      ⚠️ question.preWritten.short.weakness - translated
    </span>
    <span
      class="cta-chip"
    >
      👯‍♀️ question.preWritten.short.teamwork - translated
    </span>
    <span
      class="cta-chip"
    >
      🔮 question.preWritten.short.futureVision - translated
    </span>
    <span
      class="cta-chip"
    >
      🧠 question.preWritten.short.experience - translated
    </span>
    <span
      class="cta-chip"
    >
      💰 question.preWritten.short.salary - translated
    </span>
    <span
      class="cta-chip"
    >
      🎯 question.preWritten.short.hobbies - translated
    </span>
    <span
      class="cta-chip"
    >
      👨‍👩‍👧 question.preWritten.short.familySituation - translated
    </span>
  </div>
</DocumentFragment>
`;

exports[`PreWrittenQuestions - Rendering > display question '{ cta: '🧑 question.preWritten.short.introduce - translated', q: 'question.preWritten.full.introduce - translated' }' 1`] = `
<DocumentFragment>
  <div
    class="cta-row"
  >
    <span
      class="cta-chip"
    >
      🧑 question.preWritten.short.introduce - translated
    </span>
    <span
      class="cta-chip"
    >
      💼 question.preWritten.short.jobSearchReason - translated
    </span>
    <span
      class="cta-chip"
    >
      ⭐ question.preWritten.short.quality - translated
    </span>
    <span
      class="cta-chip"
    >
      ⚠️ question.preWritten.short.weakness - translated
    </span>
    <span
      class="cta-chip"
    >
      👯‍♀️ question.preWritten.short.teamwork - translated
    </span>
    <span
      class="cta-chip"
    >
      🔮 question.preWritten.short.futureVision - translated
    </span>
    <span
      class="cta-chip"
    >
      🧠 question.preWritten.short.experience - translated
    </span>
    <span
      class="cta-chip"
    >
      💰 question.preWritten.short.salary - translated
    </span>
    <span
      class="cta-chip"
    >
      🎯 question.preWritten.short.hobbies - translated
    </span>
    <span
      class="cta-chip"
    >
      👨‍👩‍👧 question.preWritten.short.familySituation - translated
    </span>
  </div>
</DocumentFragment>
`;

exports[`PreWrittenQuestions - Rendering > display question '{ cta: '🧑 question.preWritten.short.introduce - translated', q: 'question.preWritten.short.introduce - translated' }' 1`] = `
<DocumentFragment>
  <div
    class="cta-row"
  >
    <span
      class="cta-chip"
    >
      🧑 question.preWritten.short.introduce - translated
    </span>
    <span
      class="cta-chip"
    >
      💼 question.preWritten.short.jobSearchReason - translated
    </span>
    <span
      class="cta-chip"
    >
      ⭐ question.preWritten.short.quality - translated
    </span>
    <span
      class="cta-chip"
    >
      ⚠️ question.preWritten.short.weakness - translated
    </span>
    <span
      class="cta-chip"
    >
      👯‍♀️ question.preWritten.short.teamwork - translated
    </span>
    <span
      class="cta-chip"
    >
      🔮 question.preWritten.short.futureVision - translated
    </span>
    <span
      class="cta-chip"
    >
      🧠 question.preWritten.short.experience - translated
    </span>
    <span
      class="cta-chip"
    >
      💰 question.preWritten.short.salary - translated
    </span>
    <span
      class="cta-chip"
    >
      🎯 question.preWritten.short.hobbies - translated
    </span>
    <span
      class="cta-chip"
    >
      👨‍👩‍👧 question.preWritten.short.familySituation - translated
    </span>
  </div>
</DocumentFragment>
`;

exports[`PreWrittenQuestions - Rendering > display question '{ cta: '🧑 question.preWritten.short.introduce - translated', q: 'question.preWritten.short.introduce' }' 1`] = `
<DocumentFragment>
  <div
    class="cta-row"
  >
    <span
      class="cta-chip"
    >
      🧑 question.preWritten.short.introduce - translated
    </span>
    <span
      class="cta-chip"
    >
      💼 question.preWritten.short.jobSearchReason - translated
    </span>
    <span
      class="cta-chip"
    >
      ⭐ question.preWritten.short.quality - translated
    </span>
    <span
      class="cta-chip"
    >
      ⚠️ question.preWritten.short.weakness - translated
    </span>
    <span
      class="cta-chip"
    >
      👯‍♀️ question.preWritten.short.teamwork - translated
    </span>
    <span
      class="cta-chip"
    >
      🔮 question.preWritten.short.futureVision - translated
    </span>
    <span
      class="cta-chip"
    >
      🧠 question.preWritten.short.experience - translated
    </span>
    <span
      class="cta-chip"
    >
      💰 question.preWritten.short.salary - translated
    </span>
    <span
      class="cta-chip"
    >
      🎯 question.preWritten.short.hobbies - translated
    </span>
    <span
      class="cta-chip"
    >
      👨‍👩‍👧 question.preWritten.short.familySituation - translated
    </span>
  </div>
</DocumentFragment>
`;

exports[`PreWrittenQuestions - Rendering > display question '{ cta: '🧠 question.preWritten.short.experience - translated', q: 'question.preWritten.full.experience - translated' }' 1`] = `
<DocumentFragment>
  <div
    class="cta-row"
  >
    <span
      class="cta-chip"
    >
      🧑 question.preWritten.short.introduce - translated
    </span>
    <span
      class="cta-chip"
    >
      💼 question.preWritten.short.jobSearchReason - translated
    </span>
    <span
      class="cta-chip"
    >
      ⭐ question.preWritten.short.quality - translated
    </span>
    <span
      class="cta-chip"
    >
      ⚠️ question.preWritten.short.weakness - translated
    </span>
    <span
      class="cta-chip"
    >
      👯‍♀️ question.preWritten.short.teamwork - translated
    </span>
    <span
      class="cta-chip"
    >
      🔮 question.preWritten.short.futureVision - translated
    </span>
    <span
      class="cta-chip"
    >
      🧠 question.preWritten.short.experience - translated
    </span>
    <span
      class="cta-chip"
    >
      💰 question.preWritten.short.salary - translated
    </span>
    <span
      class="cta-chip"
    >
      🎯 question.preWritten.short.hobbies - translated
    </span>
    <span
      class="cta-chip"
    >
      👨‍👩‍👧 question.preWritten.short.familySituation - translated
    </span>
  </div>
</DocumentFragment>
`;

exports[`PreWrittenQuestions - Rendering > display question '{ cta: '🧠 question.preWritten.short.experience - translated', q: 'question.preWritten.short.experience - translated' }' 1`] = `
<DocumentFragment>
  <div
    class="cta-row"
  >
    <span
      class="cta-chip"
    >
      🧑 question.preWritten.short.introduce - translated
    </span>
    <span
      class="cta-chip"
    >
      💼 question.preWritten.short.jobSearchReason - translated
    </span>
    <span
      class="cta-chip"
    >
      ⭐ question.preWritten.short.quality - translated
    </span>
    <span
      class="cta-chip"
    >
      ⚠️ question.preWritten.short.weakness - translated
    </span>
    <span
      class="cta-chip"
    >
      👯‍♀️ question.preWritten.short.teamwork - translated
    </span>
    <span
      class="cta-chip"
    >
      🔮 question.preWritten.short.futureVision - translated
    </span>
    <span
      class="cta-chip"
    >
      🧠 question.preWritten.short.experience - translated
    </span>
    <span
      class="cta-chip"
    >
      💰 question.preWritten.short.salary - translated
    </span>
    <span
      class="cta-chip"
    >
      🎯 question.preWritten.short.hobbies - translated
    </span>
    <span
      class="cta-chip"
    >
      👨‍👩‍👧 question.preWritten.short.familySituation - translated
    </span>
  </div>
</DocumentFragment>
`;

exports[`PreWrittenQuestions - Rendering > display question '{ cta: '🧠 question.preWritten.short.experience - translated', q: 'question.preWritten.short.experience' }' 1`] = `
<DocumentFragment>
  <div
    class="cta-row"
  >
    <span
      class="cta-chip"
    >
      🧑 question.preWritten.short.introduce - translated
    </span>
    <span
      class="cta-chip"
    >
      💼 question.preWritten.short.jobSearchReason - translated
    </span>
    <span
      class="cta-chip"
    >
      ⭐ question.preWritten.short.quality - translated
    </span>
    <span
      class="cta-chip"
    >
      ⚠️ question.preWritten.short.weakness - translated
    </span>
    <span
      class="cta-chip"
    >
      👯‍♀️ question.preWritten.short.teamwork - translated
    </span>
    <span
      class="cta-chip"
    >
      🔮 question.preWritten.short.futureVision - translated
    </span>
    <span
      class="cta-chip"
    >
      🧠 question.preWritten.short.experience - translated
    </span>
    <span
      class="cta-chip"
    >
      💰 question.preWritten.short.salary - translated
    </span>
    <span
      class="cta-chip"
    >
      🎯 question.preWritten.short.hobbies - translated
    </span>
    <span
      class="cta-chip"
    >
      👨‍👩‍👧 question.preWritten.short.familySituation - translated
    </span>
  </div>
</DocumentFragment>
`;
